gcc -g p1original.c
 ./a.out
enter any two numbers:
9
13
addition of two numbers:22
 gdb a.out
 
 gcc -g p2original.c
 ./a.out
enter value
13
enter value
19
sum of 2 numbers 13+19=32 
 gdb a.out
GNU gdb (Ubuntu 8.1.1-0ubuntu1) 8.1.1
Copyright (C) 2018 Free Software Foundation, Inc.
License GPLv3+: GNU GPL version 3 or later <http://gnu.org/licenses/gpl.html>
This is free software: you are free to change and redistribute it.
There is NO WARRANTY, to the extent permitted by law.  Type "show copying"
and "show warranty" for details.
This GDB was configured as "x86_64-linux-gnu".
Type "show configuration" for configuration details.
For bug reporting instructions, please see:
<http://www.gnu.org/software/gdb/bugs/>.
Find the GDB manual and other documentation resources online at:
<http://www.gnu.org/software/gdb/documentation/>.
For help, type "help".
Type "apropos word" to search for commands related to "word"...
Reading symbols from a.out...done.
(gdb) b main
Breakpoint 1 at 0x7c5: file p2original.c, line 23.
(gdb) r
Starting program: /home/runner/pps-test1-mehrin69khan-9/a.out 
warning: Error disabling address space randomization: Operation not permitted

Breakpoint 1, main () at p2original.c:23
23    a=input();
(gdb) n
enter value9
24    b=input();
(gdb) n
enter value6
25    sum=add(a,b);
(gdb) n
26    output(a,b,sum);
(gdb) n
27    return 0;
(gdb) 